AAC
Aalborg
Aalesund
AALESUND
aan
Aarhus
Aartselaar
abbreviated
abilities
ability
able
abnormal
Abnormal
abnormalities
Abnormalities
abnormality
about
About
above
abovementioned
abrasion
ABS
absolute
Absolute
absorb
absorbs
absorption
Abundant
Accelerate
acceleration
Acceleration
accept
acceptable
acceptance
accepted
accepts
Accepts
access
Access
accessed
accesses
accessing
Accessorie
accessories
Accessories
accessory
Accessory
accident
accidental
Accidental
accidentally
accomplish
accordance
according
According
account
accu
accumulated
accumulation
accumulative
accuracy
Accuracy
accurate
Accurate
accurately
Accurately
ACE
achieve
Achieve
achieved
Achieved
achieves
Achieves
Achieving
acquire
acquired
across
act
Act
acting
action
Action
actions
activate
Activate
Activated
Activates
activation
active
Active
activit
activities
Activities
activity
Actobe
acts
actual
actually
actuate
actuated
Actuates
actuation
Actuation
actuator
Actuator
actuators
Actuators
Acuity
ACUITY
Adana
adapt
ADAPTABLE
Adapter
add
Add
added
Added
adding
addition
Addition
additional
Additional
Additionally
additions
address
Address
addresses
adds
Adds
ADELAIDE
adept
Adept
adhesion
Adhesion
adhesive
adjacent
adjust
Adjust
adjustable
Adjustable
adjuster
Adjuster
adjusters
Adjusting
adjustment
Adjustment
adjustments
Administration
administrators
Administrators
Adobe
adult
advance
advanced
Advanced
ADVANCED
advancement
advancements
advancing
advantage
affect
affected
affiliates
affiliation
affix
affixed
Affordable
Africa
African
after
After
again
against
Against
Age
aged
agencies
agent
ages
Agno
agreement
Agreement
Agreements
agrees
Aguascalientes
AGV
AGVs
Ahmedabad
Aichi
aid
aims
air
Air
airborne
Aires
AIRES
AIVs
Ajka
Alameda
alarm
Alarm
Alarms
Alava
Albacete
Albenia
Albert
Albury
Alegre
Alexandra
Algeria
algorithm
Alicante
Alien
align
aligned
alignment
Alignment
Alkmaar
all
All
Alleur
allied
allocated
allocation
Allocation
allocations
allow
allowable
allowed
allowing
Allowing
allows
Allows
alloy
Almelo
Almere
Almeria
almost
alone
along
alphabet
Alphen
also
Also
Alternate
alternating
alternative
Alternatively
Although
Altitude
aluminum
Aluminum
always
Always
Amazing
ambient
Ambient
AMD
amendments
America
American
Americas
Amersfoort
among
Among
amount
amounts
amp
amplifier
Amplifier
amplifiers
Amplifiers
amplitude
amps
Amsterdam
analog
Analog
Analogue
analysis
Analysis
analyze
analyzed
analyzing
Analyzing
ANATEL
ance
and
And
AND
Andar
Andheri
Android
angle
Angle
angles
Angles
Angola
Angular
Ankara
Annex
announce
announced
Announcements
annual
annunciator
ano
anode
Anonymous
another
Another
ANSI
answer
Answer
answers
Antenna
anticipating
Antipolo
Antwerp
any
Any
ANY
anyone
anything
anytime
Anytime
anywhere
Anywhere
AOI
apart
Apeldoorn
aperture
Aperture
APN
apologizes
app
appear
Appear
appearance
Appearance
Apple
appliance
Appliance
appliances
Applicability
applicable
Applicable
Applicablecontact
applicant
application
Application
applications
Applications
applied
applies
apply
applying
approach
approaches
approaching
appropriate
Appropriate
appropriately
approval
Approval
Approvals
approved
Approved
Approx
approximate
approximately
approximation
apps
Apr
April
Arab
Arabia
arc
architecture
Architecture
ards
are
Are
area
Area
areas
Areas
Argentina
arising
Arlon
arm
arms
Arnaboldi
Arnhem
around
array
Array
arrays
Arrays
Arsizio
art
Article
Articles
Articulated
Arturo
Asia
ASIA
ask
Ask
asked
Asklunds
Aso
aspects
Aspects
assembly
Assembly
Assen
assessment
Assessment
assets
assigned
assigning
assignment
assist
Assistant
associated
Association
assumed
assuming
Assures
Asturias
asymmetry
Asymmetry
async
ATEX
ATITM
Atmosphere
Atmospheres
atom
Atom
Atrium
attach
attached
attaching
attachment
Attachments
Attaining
attempts
attention
Attorney
attracted
attribute
attributes
Aubini
Auckland
Aug
August
aukio
Aurangabad
Australia
AUSTRALIA
Australian
Austria
Austrian
Authentica
Authenticated
authentication
Authentication
Authentificated
authority
auto
Auto
autoload
automated
Automated
automatic
Automatic
automatically
Automatically
automation
Automation
AUTOMATION
automobiles
Automobiles
automotive
Automotive
Autonomous
AUX
auxiliary
Auxiliary
availability
Availability
available
Available
Avanza
avenue
Avenue
average
AVG
avoided
avoids
award
Award
AWARD
awarded
awards
aware
AWG
axes
Axes
Axial
axis
Axis
Ayabe
Azerbeijan
Baar
back
Back
backed
background
Background
Backing
backlash
Backlight
backlighting
Backlit
backplane
Backplane
backup
Backup
backups
backward
backwards
Badajoz
Bahru
Baja
balance
Balance
Baleares
band
Band
Bands
Bandung
bandwidth
Bangalore
Bangkok
Bangladesh
bank
Bank
banks
banner
Bapat
bar
Bar
Barcelona
barcode
Barendrecht
barrel
bars
Baru
BAS
base
BASE
Baseband
based
Based
bases
Bases
basic
Basic
BASIC
basics
Basics
basis
Bastogne
BAT
batch
Batch
Bathurst
battery
Battery
baud
Baud
Bauru
Bay
Bayan
Bayonet
beam
Beam
beams
Beams
beating
bec
because
Because
Beckhoff
become
becomes
becoming
been
Been
before
begin
Begin
beginning
behalf
behavior
behaviors
behind
Beijing
being
Being
Belarus
Belfast
Belgaum
Belgian
Belgium
beliefs
believed
Belo
belong
below
Belt
BELT
belts
Bendigo
benefit
benefits
Benefits
Benin
ber
Beringen
Bertel
Berthe
Besancon
Besides
best
Best
better
Better
between
Between
beverage
Beverage
Beverwijk
beyond
BHD
Bia
bid
Bidakara
bie
Bielsko
Bierges
bifurcated
big
Big
Bijgaarden
binds
bipolar
bit
Bit
bits
black
Black
Blanco
blank
blanking
Blanking
Bldg
Bleeder
Blegistrasse
blended
blinking
block
Block
blockA
blockB
blocked
blocking
blocks
Blocks
blogs
Blowout
Blox
blue
Blue
Bluetooth
Blumenau
BLVD
BMC
BMD
BND
board
Board
boards
Boards
Boasting
Boasts
bodied
bodies
Bodies
body
Body
Bois
Boise
Bologna
Book
booklet
BOOL
Boolean
boost
Boost
booth
bor
Bordeaux
Born
Borwin
Bosnia
Boston
both
Both
Botswana
Bottle
bottles
bottom
Bottom
Boulevard
bounce
Boundary
box
Box
Boxes
Brabrand
Bracket
brackets
Brackets
braiding
Braine
brakes
braking
branch
Branch
BRANCH
branching
Branching
Brand
Brantford
Brasil
BRASIL
Brass
Brazil
Brazilian
brCustomers
bread
break
breakdown
Breakdown
breaker
breakers
breaking
Breaking
breaks
breakthroughs
Brecht
Breda
Bredskifte
Brescia
Brest
Bridgeport
Bright
bring
bringing
Bringing
brings
BRISBANE
Bristol
Brno
Broad
Broader
broadest
broadly
brochure
broken
brown
Browse
browser
Browser
browsers
Browsers
brThe
Brugge
Brunn
Brussels
BSMI
BTM
BtoB
Bucharest
Budapest
Budg
budget
Budynek
Buenos
BUENOS
Buffer
build
Build
builders
building
Building
buildings
Buildings
built
Built
BUILT
Bulb
Bulgaria
Bumil
Bumper
Bundled
Burgos
Burhaniye
Burindi
Burkina
Burnaby
burnout
Burnout
Bursa
Burst
Bury
bus
Bus
BUS
Busan
business
Business
Busto
but
Butter
button
Button
buttons
Buttons
Buzzer
Buzzers
Bvd
Bydgoszcz
BYTE
bytes
cab
Cabels
cabinet
Cabinet
cable
Cable
cables
Cables
cabtyre
Cad
CAD
Cagayan
calculate
calculated
calculates
Calculating
calculation
Calculation
Calgary
calibrates
calibration
California
call
Call
called
cam
Cam
CAM
Cambridge
camera
Camera
CAMERA
cameras
Cameras
Cameroon
campaigns
Campinas
Campos
Campositioner
Campositioners
cams
Cams
can
Can
CAN
Canada
CANADA
Canadian
Canaria
cannot
Cannot
Cantabria
Canton
cap
Cap
capabilities
Capabilities
capability
Capability
capable
Capable
capacities
Capacities
capacitive
Capacitive
capacitor
capacity
Capacity
Cape
Caps
Capture
captured
capturing
card
Card
Cardboard
Cardiff
Cards
care
Care
carefully
carelessness
Carlos
carried
carrier
Carrier
carry
carrying
Carrying
cart
Cartesian
Casalecchio
cascade
case
Case
cases
Cases
cast
Casteggio
Castell
Castro
Cat
CAT
catalog
Catalog
catalogs
Catalogs
catalogue
Catalogue
catch
catches
catchphrases
categories
Categories
categorized
category
Category
Catharines
cathode
cations
Cau
cause
caused
causes
cautions
Cautions
Cavite
Caxias
CCC
CCD
CCTV
CDP
Cebu
cedex
Celeron
cell
Cell
cells
center
Center
centers
centimeters
Central
CENTRAL
Centralized
centre
Century
CEP
Cepeda
Ceramic
certain
certificate
Certificate
certification
Certification
certifications
Certifications
certified
Certified
Certosa
CFast
CFAST
CFSC
cgi
Cha
Chachoengsao
Chad
chain
Chain
chained
challenge
chan
Chandigarh
change
Change
changed
CHANGEOVER
changeovers
changes
Changes
changing
Changing
Changsha
channel
Channel
ChannelReflex
channels
chapter
Chapultepec
character
Character
characteristic
Characteristic
characteristics
Characteristics
characters
Characters
Charge
charges
Charges
Charlottetown
chart
charts
Chateau
chattering
Chatuchak
cheat
cheating
check
Check
checked
Checker
Checkers
checking
Checking
checks
Checks
Chemical
chemicals
Chemicals
Cheng
Chengdu
Chennai
Cheonan
Chesterton
Chi
Chihuahua
children
Chilliwack
Chin
China
CHINA
Chinaese
Chinese
Chino
Chinsese
Chip
choice
Choice
Chomutov
Chongqing
choose
Choose
chosen
Christchurch
Chrome
chronological
Chungcheongnam
cid
CIDR
CIF
CIFQ
cio
CIO
CIP
circle
circuit
Circuit
circuits
Circuits
circular
Circular
Circumferential
city
City
CITY
Ciudad
Civil
clad
clamp
Clamp
clamping
Clamping
clarity
class
Class
Classes
classification
Classifications
classified
Classified
clean
Clean
cleaning
Cleaning
Cleanroom
clear
clearance
cleared
clearly
Clermont
click
Click
clicking
client
Client
clients
Clients
Clips
CLK
clock
Clock
close
Close
closed
Closed
closely
Closely
closes
Closes
closing
cloud
CMC
CMD
CMIIT
CMOS
CNC
coarse
Coarse
coated
Coated
Coating
Cobra
code
Code
codes
Codes
Coding
CoE
coefficient
cogging
coherer
coil
Coimbatore
coins
Col
cold
collaboration
collaborative
Collaborative
COLLABORATIVE
collar
collect
collected
collection
Collection
collector
collision
color
Color
colored
colors
Colors
columnA
columns
com
Com
COM
combination
Combination
combinations
Combinations
combine
combined
Combined
combines
Combines
combining
Combining
come
comes
Comes
comfortably
Coming
command
Command
COMMAND
commands
commendation
comment
comments
Comments
commercial
Commercially
Commissioner
commissioning
common
Common
commonly
Communi
communica
communicaitons
communicate
communicating
communication
Communication
communications
Communications
Community
Como
compact
Compact
CompactFlash
companies
companion
company
Company
CompanyShiokoji
CompanyStrategy
comparative
compare
compared
Compared
comparison
Comparison
compass
compatibility
Compatibility
compatible
Compatible
compensated
compensates
compensating
compensation
competences
competencies
competitions
competitiveness
competitors
complement
complete
Complete
COMPLETE
completed
completely
completes
completing
complex
Complex
complexes
complexity
compliance
Compliance
compliant
complicated
complies
Complies
comply
Comply
Compo
COMPO
CompoBus
CompoBusS
component
Component
components
Components
componentsservicesupportsolutions
CompoNet
CompoNetTM
Composition
compound
CompoWay
comprehensive
Comprehensive
comprehensively
Compressed
compressor
compromising
CompulsoryCertification
computer
computers
Computers
Comunication
con
Con
CON
concealed
conceived
Concentrate
concept
Concept
concepts
concerning
Concerning
concise
conclude
condensate
condensation
condensing
condition
Condition
Conditionally
conditions
Conditions
Conduct
conductance
conducted
conducting
Conductive
conductivity
Conductivity
conduit
conduits
conf
Conference
configura
configuration
Configuration
configurations
Configurations
Configurator
configure
configured
configuring
confirm
Confirm
confirmation
Confirmation
confirmed
confirming
confirms
Confirms
confocal
Confocal
conform
conformance
conformed
conforming
Conforming
conformity
conforms
Conforms
Congo
conjunction
connec
connect
Connect
Connectable
connected
Connected
connecting
Connecting
connection
Connection
connections
Connections
connectivity
Connectivity
connector
Connector
connectors
Connectors
connects
Connects
Cons
consecutive
consent
consented
conservation
Conservation
considerable
consideration
Consideration
considerations
considered
considering
Consilium
consist
consistency
Consistent
consistently
consists
console
Console
constand
constant
Constant
constantly
Constantly
construct
construction
Construction
consult
Consult
consumed
Consumer
consuming
consumption
Consumption
contact
Contact
contacting
Contactopeningmethoda
contactor
Contactor
contactors
Contactors
contacts
Contacts
contactus
contain
containing
contains
contaminants
content
Content
contents
Contents
context
continue
continuous
Continuous
continuously
contract
contracted
contracting
contractor
contractors
contrast
contribute
Contribute
contributes
Contributes
Contributing
contrivutes
control
Control
CONTROL
controlled
controller
Controller
controllers
Controllers
controlling
Controlling
controls
Controls
ControlTemperature
convenience
convenient
Convenient
conventional
Conventional
Conventionally
Conver
Convergent
conversion
Conversion
conversions
convert
converted
converter
Converter
converters
Converters
converts
conveyed
Conveyed
conveyor
Conveyor
conveyors
Conveyors
cookie
Cookie
cookies
Cookies
coolant
cooling
Cooling
cooperation
cooperative
coordinated
coordination
cope
copper
Copper
copy
Copy
copying
copyright
Copyright
copyrights
Coquitlam
cord
Cordoba
core
Core
cores
CoreTM
corner
cornerstone
Corp
corporate
Corporate
corporation
Corporation
Corporativo
Correction
correctly
corresponding
Corresponding
corrosion
Corrosion
corrosive
corruption
Coru
cos
cosmetics
cost
Cost
costs
Costs
Cote
could
count
Count
counter
Counter
countermeasure
countermeasures
counters
Counters
CounterTime
countertimer
counting
Counting
countries
Countries
country
Country
County
couple
coupler
Coupler
Couplers
Couplings
course
Course
courses
Courses
Court
cover
Cover
covering
covers
Covers
CPLC
CPS
CPU
CPUs
CQC
crashes
CRC
create
Create
created
Created
createElement
creating
Creating
creation
creepage
Cremona
crimp
Crimp
Crimping
criteria
CRM
Croatia
cross
Cross
crossbar
crosstalk
crucial
crumb
Crystal
CSA
CSG
CSMA
CSS
CSV
cte
CTs
cUL
cULus
curing
Curing
Curitiba
current
Current
currently
currents
Currents
curtain
Curtain
curtains
Curtains
curve
customer
Customer
customers
Customers
customizable
customize
customized
cut
Cutout
cuts
cutting
Cutting
CVM
CXDesigner
CXONE
Cybercity
Cybernetyki
cycle
Cycle
cycles
Cycles
cyclic
Cyclic
cyclical
cylindrical
Cylindrical
Cyprus
Cyuohgai
Czech
Daegu
Daikanyama
daily
Daily
Daini
daisy
Dalian
damage
damaged
damages
damaging
Damansara
damping
Dan
danger
dangerous
Danish
dar
Darul
data
Data
database
Database
databases
Datasheet
DATASHEET
datasheets
date
Date
DATE
Dates
Daventry
day
DAY
days
Days
DCBU
dcid
DDR
deactivated
dead
dealer
Debrecen
debug
Debug
debugging
Debugging
debut
Dec
decelerated
deceleration
December
decided
decimal
decisions
declaration
Decrease
ded
dedicated
Dedicated
deenergized
deep
Deep
default
Default
defeat
Defeat
defeated
defeating
Defeating
defect
define
defined
defines
defining
definition
definitions
Definitions
deflection
deformed
degradation
degree
Degree
degrees
Deinze
Dela
delay
Delay
delayed
DELETE
deleted
Deleting
deletions
Delhi
deliver
delivered
delivering
delivers
delivery
dello
delta
Delta
Demand
demonstrate
den
Den
Dendermonde
Denmark
DENSO
department
depend
dependable
Dependable
dependent
dependents
depending
depends
Depends
deploy
Dept
Depth
derating
Derbyv
derivable
derivative
Derivative
des
described
describes
describing
description
Description
design
Design
DESIGN
designated
designed
Designed
designer
designers
designing
designs
desire
desplays
destination
destinations
Detachable
detached
detaching
detail
detaild
detailed
Detailed
details
detect
Detect
detectable
Detectable
detected
Detected
detecting
Detecting
detection
Detection
Detections
detector
Detector
Detectors
detects
Detects
deterioration
determination
determine
Determine
determined
determines
Deurne
develop
developed
Developed
developers
development
Development
Deventer
deviation
device
Device
DeviceK
Devicenet
DeviceNet
DeviceNetTM
devices
Devices
DEVICES
Deviks
dex
DGUV
dia
diagnosis
Diagnosis
diagnostic
Diagnostic
diagnostics
Diagnostics
diagram
Diagram
diagrams
Diagrams
dial
Dial
diameter
Diameter
Dias
dictionary
did
Die
dielectric
Dielectric
Diemen
Differ
Differen
difference
Differences
different
Different
differential
Differential
Differentiation
difficult
Difficult
diffuse
Diffuse
diffusion
digicert
DigiCert
DigiCertClickID
digit
digital
Digital
digits
Diksmuide
dimension
dimensional
dimensions
Dimensions
DIN
Dinant
DINT
diode
Diode
diodes
DIP
direct
Direct
direction
Direction
directions
Directions
directive
Directive
directives
Directives
directly
Directly
directory
dirt
disable
Disable
disabled
disables
disabling
Disabling
disadvantages
disappears
disclaims
disclose
disclosure
Disclosure
disconnected
Disconnecting
disconnection
Disconnection
disconnects
discover
discretion
Discriminating
Discrimination
discussed
Disk
displaced
displacement
Displacement
displacements
display
Display
displayed
displaying
Displaying
displays
Displays
DIST
distance
Distance
distances
Distances
DistanceThe
distilled
distinct
distinguish
distortion
distributed
Distributed
Distributes
distributing
distribution
Distribution
distributor
Distributor
District
disturbance
Div
diverse
diversity
divided
dividing
Dividing
division
Division
divisions
diz
Djibouti
DMC
DMD
dmez
DNV
Doan
document
Document
documents
Documents
does
Does
Doesn
Doetinchem
DOF
dog
Dojima
domain
don
Don
done
dong
Dong
door
Door
doors
Doors
DOP
Dordrecht
dos
Dot
dots
double
Double
down
Down
DOWN
download
Download
downloaded
downloads
downsize
Downsize
Downsized
downsizing
Downsizing
downtime
Downtime
DPDT
drain
Drainage
drawings
drip
Drip
drive
Drive
driven
driver
Driver
DRIVER
Drivers
drives
Drives
DrivesServomotors
driving
DRM
Drogenbos
drop
dropping
drops
Drops
DRT
Drug
Drummondville
DST
dual
Dual
Dublin
due
Due
Duiven
Dujeong
Dumbarton
dummy
Duplex
durability
Durability
durable
Durable
duration
Durations
Durban
Durgapur
during
dust
Dust
dusty
Dutch
DVD
DVDs
DWORD
dynamic
Dynamic
dynamics
EAC
each
Each
eads
eAIB
earth
Earth
earthquake
ease
Ease
easier
Easier
easily
Easily
EASILY
East
EAST
easy
Easy
EASY
ECC
ECO
eCobra
economic
Economical
Economically
Economy
ECS
ECT
EDA
Eddy
Ede
Eden
Edge
EdgeEdge
edges
Edif
Edinburgh
editing
Edition
editor
EDM
Edmonton
Edmunds
EDR
edu
Eemshaven
effect
effective
Effective
effectively
effectiveness
EFFECTORS
effects
Effects
efficiency
efficient
Efficient
efficiently
effort
Effort
Effortless
efforts
Efforts
Eger
Egypt
Ehsan
EIA
EIC
eight
Eight
Eindhoven
Einstein
EIP
either
Either
elapsed
elbow
eLearning
Electoric
electric
Electric
electrical
Electrical
electricity
Electricity
electro
Electrode
electrodes
Electrodes
electromagnetic
Electromagnetic
electronic
Electronic
Electronics
ELECTRONICS
Electrostatic
element
Element
elements
Elements
ELETRONICA
elevated
Elgin
eliminate
eliminated
eliminates
eliminating
Elisabeth
email
Email
embedded
Embedded
embodied
EMC
emergencies
emergency
Emergency
Emilia
Emirates
emission
emissions
emits
emitter
emitters
Emmen
EMO
eMotionBlox
employed
employees
employing
empowered
emulated
enable
Enable
enabled
enables
Enables
enabling
Enabling
Encalada
encased
enclose
enclosed
Enclosed
enclosing
enclosure
Enclosure
encode
encoder
Encoder
encoders
Encoders
encryption
encyclopedia
end
End
END
endeavors
ended
Ending
endorsement
endpoint
Endpoint
ends
Ends
energized
energy
Energy
Eng
engaged
engages
engineer
engineering
Engineering
engineers
engines
Engines
England
English
Engracia
engraving
enhance
enhanced
Enhanced
enhancement
enhances
enhancing
ENISO
enjoyable
enormous
enough
Enschede
ensure
ensured
ensures
Ensures
ensuring
Ensuring
entanglement
enter
Enter
entering
Enterprise
ENTERPRISE
enters
ential
entire
entities
Entity
Entrances
Entrapment
entrust
entrusted
entry
Entry
enumerations
Enumerations
enumerators
envelope
enviroment
environment
Environment
ENVIRONMENT
environmental
environments
Environments
ePLC
equal
equals
Equals
equip
equipment
Equipment
Equipments
EquipmentsElectric
equipped
Equipped
equivalent
Equivalent
EQUO
erasure
ergonomic
Ergonomic
erosion
ERP
Erroneous
error
Error
errors
Errors
eruptions
Esbjerg
escapes
Espanol
especially
Espoo
essence
essential
Essential
essentially
Essentially
EST
establish
established
establishment
Estates
Estonia
ESTT
etc
Ether
EtherCAT
ethernet
Ethernet
EtherNet
EthernetIP
EtherNetIP
Ethopia
Etienne
ETN
Eupen
EUROPARC
Europe
EUROPE
European
evaluation
Evaluation
even
Even
event
Event
events
Events
ever
every
Every
everyone
everything
everyting
everywhere
evident
evolution
Evolution
EWS
exact
exactly
example
Example
exceed
Exceeded
exceeding
exceeds
Excel
excellence
excellent
Excellent
except
Except
exception
exceptional
Exceptional
EXCEPTIONAL
exceptionally
Exceptionally
excessive
exchange
excitation
Excluded
excluding
Excluding
exclusive
Exclusive
execute
executed
executing
execution
Execution
executions
exhibiting
exhibitions
exist
existing
Existing
exit
Exit
Expand
Expandability
Expanded
Expands
expansion
Expansion
ExpansionRack
expect
expectancy
expectations
expected
expense
experience
expertise
expiration
explained
explaining
Explanation
Explicit
explicitly
explore
Explorer
Explosion
Explosive
Export
Exposed
exposure
express
expression
expressions
EXT
extend
extended
extends
extension
Extension
Extensive
external
External
externally
extra
Extract
extraction
extreme
Extremely
extruders
eye
Eyes
Fabrikkveien
face
facilitate
facilitates
facilitating
facilities
Facilities
facility
Facility
facto
factories
factors
Factors
factory
Factory
FACTORY
FAE
fail
Fail
failing
fails
failsafe
failure
Failure
failures
Failures
FAL
FALS
false
False
FALSE
Famenne
familiar
family
Family
fan
Fan
fans
Fans
FAQ
FAQs
Far
Faridabad
Faso
fast
Fast
faster
Faster
FASTER
fastest
Fastest
fault
Fault
Faultless
faults
fax
Fax
FBs
FCC
FDA
fea
feature
Feature
Featured
features
Features
featuring
Featuring
Feb
February
fed
feed
Feed
feedback
feeding
feel
female
fence
fences
Ferrand
Ferreira
ferrous
Ferrous
Ferrule
ferrules
few
fewer
Fewer
FGS
FGT
fiber
Fiber
field
Field
FIELD
fields
Fields
Fifth
fig
Fig
figure
figures
file
File
FileID
FilePuts
files
Files
Filipino
fill
film
films
Films
filter
Filter
filtered
final
finalization
finally
find
Find
Finder
finds
fine
Fine
finger
Finger
finite
Finland
Finnish
FINS
FinsGateway
fire
Fire
Firebird
Firefox
Firing
first
First
fit
Fit
fits
Fits
Fittings
five
FIVE
fixation
fixed
Fixed
flag
Flagship
Flange
Flanges
Flash
flashover
flat
Flat
Flatness
flaws
fleet
Fleet
flexibility
Flexibility
flexible
Flexible
FLEXIBLE
flexibly
Flexibly
flexure
flicker
FLICKER
FLK
FLN
Floating
Floatless
floor
Floor
flow
Flow
flowing
flowrate
flows
Fluoroplastic
Fluororesin
Fluororesincoated
FLV
FMEA
FMI
focal
Focus
focusing
foil
folder
follow
follower
following
Following
follows
food
Food
footer
footprint
Footprint
for
For
FOR
force
Force
forced
Forced
forces
forcibly
Forcibly
forearm
forecast
Forecast
foreign
foreseeable
fork
form
format
formats
Formlock
Formosan
forms
formula
Fort
Fortaleza
Forum
forward
Forwarding
forwards
found
Foundation
founder
four
Four
Fourth
Fox
fps
frame
Frame
frames
Frames
framing
France
Fredericton
Frederiksv
free
Free
FREE
freedom
freeing
Freely
Fremont
French
frequency
Frequency
frequent
frequently
Frequently
Fri
Friday
friendly
Friesland
fringing
from
From
front
Front
Froyennes
FSoE
FTP
Fujitsu
Fukuoka
fulfills
full
Full
fully
Fully
Fumio
function
Function
FUNCTION
functional
Functional
functionality
Functionality
functionally
functions
Functions
further
Further
furthermore
Furthermore
fused
fuses
fusion
future
Future
Fuzhou
Gabon
gain
Galleria
Gambia
gap
Garc
Garden
Garza
gases
Gastel
gata
gatan
Gateshead
gateway
Gateway
Gatot
gauge
Gauge
Gaziantep
Gbps
Gda
gear
Gebirge
Geelong
GeForce
GEM
gen
general
General
generally
generate
generated
Generated
generates
Generating
generation
generations
Generations
generator
generically
Genova
Gent
Georgia
German
Germany
Ges
get
getElementsByTagName
getting
Ghana
Ghaziabad
Ghislain
Giay
gico
GigE
Gillem
Girona
give
Give
given
gives
glance
Glance
Glasgow
glass
Glass
global
Global
globalization
Globalization
globally
glossary
Glossary
Glove
gloves
GLS
gluing
GmbH
GMC
GMD
Goa
goal
God
Goes
going
gold
gone
Good
GOOD
Google
Gouda
government
governmental
GPN
Grace
Gradient
Gran
Granada
Grande
grant
Grant
granted
granting
graph
graphical
graphics
Graphics
great
Great
greater
Greater
Greatly
Greece
green
Green
Greensboro
Greenspoint
grievances
grip
Grip
gripped
Groningen
Groot
Grooved
ground
Ground
grounding
Grounding
grounds
group
Group
groups
growth
Guadalajara
Guadeloupe
Guangzhou
guard
Guard
guarded
Guardianship
guards
guidance
Guidance
guide
Guide
guided
Guided
guidelines
Guidelines
guiding
Guinea
Gul
Gurgaon
Guyana
Gwalior
Haag
Haarlem
had
HAD
Hakata
Hakataeki
half
Halifax
Halle
Halogen
hand
Hand
Handheld
handle
Handle
handled
Handled
handles
Handles
handling
Handling
hands
Hands
Handy
Hannover
Hanoi
Hao
happen
happens
hard
Hard
Harderwijk
hardware
Hardware
Hardwired
Haridwar
Harlow
harm
harmed
harmful
harmonic
Harmonic
Harmonised
Harmonized
Harmony
HARMONY
Harsh
harvard
Haryana
has
Has
Hasselt
Hat
have
having
Having
hazard
Hazard
hazardous
Hazardous
hazards
Hazards
HazardsA
HCMC
head
Head
header
heading
headline
headlines
Headquarter
headquarters
Headquarters
heads
Heads
health
Health
healthcare
healthy
Hearbin
heart
Heart
heartbeat
heat
Heat
heater
Heater
heaters
Heaters
heating
Heating
heatpipes
heatsink
heavy
Heerenveen
Heerlen
height
Height
heightens
heights
Heinola
held
help
Help
helping
helps
Hengelo
here
herein
hereinafter
Herentals
Hermosillo
Hern
Herning
Herstal
Hertogenbosch
Herzegovina
Heverlee
hex
Hex
hich
hidden
high
High
higher
Higher
HIGHER
highest
Highest
highly
Highly
Highprecision
Highspeed
him
hinder
Hindi
hindrance
Hinge
Hinged
hips
Hirooka
his
Hitachi
HitOnlySimilarCategoryData
hits
Hits
HMC
HMI
HMIs
Hoang
Hoffman
hold
Hold
Holder
HolderElectrodes
Holders
holding
Holding
hole
holes
Holes
holiday
holidays
Holland
Hollogne
Hollow
home
Home
Homepage
homing
Homing
Hong
honor
hoods
Hoofddorp
Horikawa
horizontal
Horizontal
Horizonte
Hornet
host
Host
hot
hour
hours
Hours
House
housed
housing
Housing
Houston
Houthalen
how
How
however
However
Hradec
Hsinchu
HSL
html
HTML
http
https
Hubs
Huelva
Huesca
Huizen
Huizingen
human
HUMAN
humans
humidity
Humidity
humming
Hungarian
Hungary
hunting
Hybrid
Hybridization
Hyderabad
Hydraulic
Hypervisor
hysteresis
IAB
IBERIA
IBI
IBM
Ice
icing
icon
ics
IDE
idea
IDEA
ideal
Ideal
ideally
ideals
ideas
identifiable
identification
Identification
identified
identifiers
identifies
identify
identity
idling
Idling
IDP
IDs
IEC
IECEx
IFA
IGMP
Ignoring
III
illegal
illuminate
Illuminating
Illumination
illustrations
ILM
image
Image
images
imaging
IMDA
immediate
Immediate
immediately
Immediately
immune
immunity
impact
Impact
impacting
impacts
Impacts
impedance
Impedance
imperfect
impersonation
Impetus
implement
implementation
Implementation
implemented
Implemented
implementing
implements
imply
import
Import
important
Important
impossible
impression
Impression
Impressive
improper
improve
improved
Improved
improvement
Improvement
improvements
improves
Improves
improving
Improving
impulse
inability
Inability
InAddition
inadvertent
inappropriate
Inc
INC
inch
Inch
inches
incident
Inclination
inclinations
include
included
includes
Includes
including
Including
incorporate
incorporated
Incorporated
INCORPORATED
incorporating
Incorporating
incorrect
Incorrect
increase
Increase
increased
Increased
increases
Increases
increasing
incremental
Incremental
increments
incurred
Independent
independently
index
Index
indexA
India
Indian
Indianapolis
indicate
indicated
indicates
indication
Indication
indicator
Indicator
indicators
Indicators
IndicatorsSingle
indispensable
indistinct
individual
Individual
INDIVIDUAL
individually
Indonesia
INDONESIA
Indonesian
Indore
inductance
induction
Inductive
industrial
Industrial
INDUSTRIAL
Industrie
industries
Industries
industrila
industrilal
industry
Industry
indutrial
inelastic
inertia
Inertia
infinite
influence
influenced
influencing
info
inform
information
Information
informs
infrared
Infrared
infringe
infringing
ing
ingenuity
ings
inherit
inherited
Inherited
Inheriting
inherits
initial
initialize
initials
initiatives
injection
injured
injuries
injury
ink
Inkanshomeisho
Inline
inner
Inner
InnoDB
innovate
innovated
innovating
innovation
Innovation
innovations
innovative
inPower
input
Input
INPUT
InputHeater
InputOutput
inputs
Inputs
Inputting
inquire
inquiries
Inquiries
inquiry
Inquiry
inrush
Inrush
ins
insert
INSERT
insertBefore
inserted
Inserting
insertion
inside
Inside
inspection
Inspection
inspections
install
Install
installable
installation
Installation
installations
installed
Installed
installing
instances
Instant
instantaneous
Instantaneous
instantly
instead
Instead
instinctively
instruction
Instruction
instructions
Instructions
Instruments
insulate
insulated
insulation
Insulation
insurance
INT
Integers
integral
Integral
integrate
Integrate
integrated
Integrated
INTEGRATED
integrates
integrating
integration
Integration
integrity
Intel
intellectual
Intellectual
intelligent
Intelligent
intended
intends
intensity
intensive
intentionally
inter
interact
interaction
interchangeable
interface
Interface
interfaced
interfaces
interfere
interference
Interference
interfering
interlock
Interlock
interlocking
Interlocking
interlocks
internal
Internal
internally
international
International
INTERNEPCON
internet
Internet
interpolated
interpolation
Interpolation
interpretation
interrupt
Interrupt
interrupted
interruption
interruptions
Interruptions
interrupts
intersecting
interval
Interval
into
introduce
introduced
introduces
introducing
Introducing
Introduction
Introductory
intrudes
intrusion
Intrusions
intuitive
Intuitive
INTUITIVE
intuitively
Intuitively
invalidated
invalidating
Invalidating
inventions
inventory
Inventory
inverse
inversely
inversion
inverted
Inverted
inverter
Inverter
inverters
Inverters
investigation
involved
IOG
IOM
ion
ionization
Ionization
Ionizer
Ionizers
iOS
IoT
IOV
IPC
IPTM
IPush
Iran
Ireland
Iris
iron
Iron
ironless
Irradiator
ISA
Ishikawa
ISO
ISOIEC
isolated
isolation
Isolation
isolator
isolators
Israel
issue
Issue
issued
Issuer
issues
Issues
Istanbul
Iswanto
Italian
Italy
ITALY
item
Item
items
Items
its
Its
itself
Ives
Ivoire
Izmir
Jaipur
Jakarta
Jalan
Jamshedpur
Jan
Janeiro
Jankovcova
January
Japan
JAPAN
Japanese
Jastrz
JavaScript
Jaya
Jend
Jerk
Jhubei
Jihlava
Jin
Jinan
Jing
Jinqiao
JIS
jitter
Jitter
JMACS
JMC
JMD
job
Job
Joensuu
jogged
Jogging
John
Johor
Join
joined
Joint
jointly
Jonqui
Jordan
Jose
Josep
jov
Jpanese
jphome
JPt
Juarez
judge
Judgements
judging
judgments
Jul
July
Jumet
Juminhyo
Jumper
jumpers
Jun
junction
Junction
June
Jungin
jurisdiction
Jurisdiction
just
Jyv
Kada
Kamloops
Kanata
Kanazawa
Kanpur
Kaohsiung
Karlovy
Katowice
Kav
Kayseri
Kazakhstan
Kazuma
keep
keeping
keeps
Keihanna
KEMA
Kenya
Kerkrade
kesfeh
Kessel
KETH
key
Key
Keynes
keys
Keys
keywords
Kft
KFT
Khet
kHz
KHz
Kiev
Killer
kind
kinds
Kingdom
Kings
Kingston
Kista
Kit
Kita
Kitchener
Kladno
Klatovy
knees
knife
knob
Knob
Knots
know
knowledge
Kocaeli
Kol
Kolhapur
Kolkata
Konan
Kong
Kongese
Konya
korea
Korea
Korean
Kortrijk
Kosekitohon
KOSHA
Kotka
Kowloon
kpps
Krak
Kumamoto
Kundli
Kunming
Kuopio
Kuramo
Kusatsu
Kuurne
Kuwait
Kwaeng
Kyobo
Kyoto
Label
labor
Labor
LACHINE
ladder
Ladder
laga
lagging
Lahti
laid
Lainate
Lakeland
Lamartine
lamp
Lamp
Lamps
Lan
LAN
Lane
Langelandsvegen
Langenfeld
language
Language
languages
Languages
Lanka
large
Large
Larger
Largest
Las
laser
Laser
Lasers
last
Last
Lasting
latch
latches
latching
Latching
late
Latem
later
laterally
latest
Latest
Latin
Latina
Latvia
lava
law
Law
Lawrenceville
laws
Laws
layer
Layer
layout
Lazar
LBA
LCD
LCDLED
LDA
lead
Lead
leadA
leading
Leads
leadwire
Leaf
leak
Leak
leakage
Leakage
leaks
leap
Learn
least
Lebanon
Lecco
LED
LEDs
Leeds
left
legal
Legnano
Leicester
length
Length
lengths
lens
Lens
lenses
Lenses
Leone
LES
less
Less
let
lets
Lets
Leuven
level
Level
levels
Levels
lever
Lever
leverage
leveraging
Lexington
lgod
Liability
liable
Liberec
Liberia
Libramont
libraries
Libraries
library
Library
license
License
licensed
licenses
Liebermannstra
Lier
life
Life
lift
light
Light
LIGHT
lighted
Lighted
lighterweight
lighting
Lighting
Lightings
lightly
lightning
Lightning
lights
lightweight
Lightweight
like
Like
likely
limit
Limit
limitation
Limitations
limited
Limited
LIMITED
limiter
limits
line
Line
linear
Linear
lined
lines
Lines
lineup
Lineup
link
Link
LINK
linkB
linked
Linked
linking
links
Links
LINT
Lintang
Linux
liquid
Liquid
liquids
Liquids
Lisboa
Lisbonne
list
List
listA
listB
listE
listed
Listed
lists
Lite
Lithuania
litigation
little
Little
lives
Living
LLC
LLD
Lleida
Lloyd
lntegrated
load
Load
loaded
loads
Loads
loaning
Lobby
local
Local
locale
localization
localizes
locate
located
location
Location
locations
Locations
lock
Lock
locked
locking
Locking
Lockout
Lodi
log
Log
logged
Logger
loggers
Loggers
logging
Logging
logic
Logic
logical
Logical
login
logistic
logistics
logo
logos
logs
London
long
Long
longer
Longer
Longest
Longmeadow
look
Look
looking
looks
loop
Loop
Loops
loose
Loose
loss
Loss
losses
lots
Lots
Louis
lov
Loveland
low
Low
lower
Lower
lowering
LREAL
LSP
LSZH
Ltd
LTD
LTDA
Ludhiana
Luis
Lujiazui
Luminar
Luminosity
lunda
lution
Luxembourg
lvl
LWORD
Lyon
Maastricht
Macau
Macedonia
Machinary
machine
Machine
MACHINE
machinery
Machinery
machines
Machines
machinesArticle
machining
macro
Macro
MAD
Madagascar
made
Madrid
magnet
Magnet
Magnetic
magnets
Mah
Mahmut
mail
mailing
main
Main
maintain
Maintain
maintainability
Maintainability
maintained
Maintained
maintaining
maintains
maintenance
Maintenance
major
Major
Makassar
Makati
make
Make
makes
Makes
making
Making
Malay
Malaysia
male
malfunction
Malfunction
malfunctions
Malfunctions
Mali
Malm
MALM
Malta
man
manage
Manage
managed
Managed
management
Management
manager
Manager
MANAGER
manages
Managing
Manaus
Manchester
Mandarin
mandatory
Manila
MANILA
manipulated
manipulating
manipulators
manner
manpower
manual
Manual
manually
manuals
manucfaturers
manufacturer
manufacturers
Manufacturers
manufacturing
Manufacturing
MANUFACTURING
manufaturers
many
Many
map
Map
mapp
mapping
Mapping
mappings
Mar
March
Marche
Marcinelle
Margain
margin
marginal
margins
Margins
Mari
marine
Marine
mark
Mark
marked
Marked
marker
Marker
markers
Markers
market
marketing
markets
marking
Marking
marks
Marks
Marol
Martens
Martinique
Maruti
mass
master
Master
Masters
Mastes
mat
Mat
match
matched
matches
matching
Matching
material
Material
materials
Materials
math
Math
matrix
mats
Mats
MatSafety
Mauritania
max
Max
maximize
maximizing
Maximizing
maximum
Maximum
may
May
Mayang
Mayor
Mayotte
MBB
Mbps
MCA
MCH
MCL
McMurray
MDA
mean
meaning
means
Means
measure
Measure
measured
measurement
Measurement
measurements
Measurements
measures
Measures
measuring
Measuring
MeasuringMotor
mechanical
Mechanical
mechanically
Mechanically
mechanics
mechanism
Mechanism
mechanisms
MECHATROLINK
Mechatronic
Mechelen
Medan
media
Media
Medical
Medicine
medium
Medium
meenlinna
meet
Meeting
meets
Meets
megapixel
MEGAPIXEL
Meieki
MELBOURNE
Melle
member
Member
members
membership
memory
Memory
Menara
Mentality
mentioned
menu
Meppel
Merelbeke
merely
merge
Merksem
Mersin
MES
message
Message
messages
mest
met
meta
metaContact
metal
Metal
metallic
Metallic
metals
Metals
metaProduct
meter
Meter
meters
Meters
method
Method
methods
Methods
metro
Metro
Metrology
Mexicali
Mexican
Mexico
MEXICO
MHz
MIC
micro
Micro
microloads
micron
Micron
microprocessor
Microscopes
Microsecond
microseconds
Microsoft
Mid
Middelburg
middle
Middle
middleware
might
Mihai
MIL
Milano
million
Million
millisecond
Milne
Milton
min
Min
Minato
Minh
Mini
miniature
Miniature
miniaturization
miniaturized
Minimal
minimize
Minimize
minimized
minimizes
Minimizing
minimum
Minimum
Ministry
minor
Minsheng
Minsk
minute
Minute
minutes
mirrors
Miskolc
missing
mission
Mission
Mississauga
mistake
mistakes
Mitsubishi
Mixed
mixing
mmBody
mmIf
mmK
MMK
mnemonic
mobile
Mobile
MobilePlanner
MOBILITY
Modbus
Modderfontein
mode
Mode
model
Model
models
Models
moderate
modes
Modes
modified
modifying
modular
Modular
modularization
modulated
Modulated
modulation
Modulation
module
Module
modules
Modules
Moergestel
mold
molded
molding
Molding
Moldovia
Molek
Moment
momentary
Momentary
Mon
Monaco
Moncton
Monday
money
monitor
Monitor
MONITOR
monitored
Monitored
monitoring
Monitoring
MonitoringAnalyzing
monitors
Monitors
Monoblock
Monochrome
MONODUKURI
MONOZUKURI
Mons
Montenegro
Monterrey
Montgomery
month
Montignies
Montigny
Montreal
MONTREAL
Monza
Moo
Morales
morality
more
More
Moreover
Morisot
Morocco
Moscow
MOSFET
most
Most
Mother
motion
Motion
motions
motor
Motor
MOTOR
motors
Motors
MotorServo
motto
Motto
mount
Mount
mountable
mounted
Mounted
mounting
Mounting
mounts
Mounts
movable
move
movement
Movement
moves
moving
Moving
Mozambique
Mozilla
mpia
Mpix
Mpps
MPS
MPU
MSF
Much
multi
Multi
Multicircuit
multicore
Multicore
multidisciplinary
Multifunction
Multifunctional
multiple
Multiple
MULTIPLE
Multipoint
Multivendor
Mumbai
munications
municipalities
Murarrie
Murcia
mushroom
music
must
Must
muted
muting
Muting
mutual
Mutual
mutually
Mutually
myI
MyISAM
Mysore
MySQL
Nagoya
NAGOYA
Nam
name
Name
names
Namespaces
Namibia
Namur
Nanaimo
Naninne
Nanjing
Nano
nanoscale
Nantes
Napoli
narrow
Narrow
narrowed
narrower
Nashik
national
nationwide
natural
Natural
Navarra
navi
naviA
naviB
navigation
Navigation
NAVIGATION
NBR
NCC
ndez
near
nearest
nearly
necessarily
necessary
Necessary
Necessity
nected
need
Need
needed
needles
needs
Needs
NEEDS
NeelGagan
negative
Negative
Neglecting
nels
NEMA
Nenkintecho
Nepal
nepcon
Neratovice
nesting
Nesting
net
Net
Netherlands
NETHERLANDS
NETSTAR
network
Network
networking
Networking
networks
Networks
NetworkSoftware
never
new
New
NEW
Newcastle
Newest
newly
Newly
Newmarket
Newport
news
next
Next
NEXT
nextSibling
Nghia
Nice
Nieuwegein
Niger
Nigeria
Nihonseimei
Nijmegen
Niklaas
Nine
Nippon
Nishi
NJNX
NKVE
Nobember
Nobemver
node
nodes
noise
Noise
non
Non
noncyclic
none
None
nonsafety
nor
NORD
Nordrhein
normal
Normal
normally
Normally
Normaloperation
normative
norms
Norte
North
Northampton
Norway
NORWAY
Norwegian
Norwich
not
Not
Notches
note
Note
noted
notice
Notice
notices
notification
Notification
notifies
notify
notifying
Nottingham
nous
Nov
November
Novosibirsk
now
Now
Nowa
Nozzles
NPN
NSA
NSJ
nsk
NSK
nspection
NSRCL
NSW
NTP
NUI
nuisance
nullification
Num
number
Number
numbered
numbers
numerical
Numerical
NVIDIA
nya
NYB
NYM
NYP
oara
object
Object
objects
Objects
observation
observed
observes
observing
obstacles
obstruction
obtain
obtained
obtaining
occur
occurred
occurring
occurs
Oceania
OCR
OCRCode
ocShoplist
Oct
October
ODR
ODVA
off
Off
OFF
offer
offering
offers
Offers
office
Office
OFFICE
offices
Offices
Official
officials
offline
offset
offsets
often
oil
Oil
Okayama
Oktrooiplein
old
oldest
Ole
Olof
Olomouc
Olsztyn
omitted
OMR
omron
Omron
OMRON
OMRONs
onboard
once
one
One
ONE
online
Online
only
Only
ONOFF
onsite
OOO
Oostende
Opal
Opava
opc
OPC
open
Open
opened
Opened
opening
Opening
opens
Opens
openssl
OpenSSL
operability
operand
operate
operated
operates
operating
Operating
Operatingstatus
operation
Operation
operational
operations
Operations
operator
Operator
operators
Operators
Opp
opposed
Optic
optical
Optical
optimal
Optimal
optimization
optimize
Optimize
optimized
Optimized
optimizes
Optimizes
optimizing
optimum
Optimum
option
Option
optional
Optional
options
Options
Opto
Oracle
order
Order
ordered
orders
ordinances
ordinary
org
Organically
organization
Organization
organizations
organizes
orientation
Oriente
oriented
origin
original
Oro
Orpington
Ortenovo
Orvault
Osaka
oscillation
Oslo
Ostrava
other
Other
others
Others
Otherwise
Ottawa
Oud
Oudenaarde
Oulu
our
Our
ourselves
out
Outages
outlet
outline
Outline
output
Output
OUTPUT
outputs
Outputs
outside
Outstanding
outstretched
ovens
over
Over
Overall
overcurrent
Overcurrent
overcurrents
overflow
overhead
Overhead
overheating
overlap
overlays
overload
Overload
override
Override
overshoot
overshooting
overtravel
overview
Overview
overvoltage
Overvoltage
overvoltages
overwritten
own
Pacific
PACIFIC
Pack
package
Package
packaged
packaging
Packaging
packed
packet
Packet
packets
Packing
PackML
PackXpert
padlock
page
Page
pages
Pages
pair
pairing
pairs
Pairs
palletizing
pallets
palm
Palmas
Pampanga
pan
Pan
Pancoran
Panduit
panel
Panel
panels
Panels
Paper
parallel
Parallel
parameter
Parameter
parameters
Parameters
Parc
parcels
Pardubice
parentNode
Park
Parking
Parkway
Parma
Parque
part
Part
partial
Partial
partially
participate
particle
Particle
particles
Particles
particular
particularly
parties
Parties
partitioning
partner
partners
parts
Parts
party
Pasig
Pasir
pass
passed
passes
Passing
passport
password
passwords
Passwords
past
PAT
patent
Patent
patented
Patented
path
patrol
pattern
patterns
Paulo
Paulus
pause
payload
Payload
PCB
PCBs
PCI
PDC
PDF
PDM
PDS
ped
Pedro
Penang
Pendant
pendants
pending
Pending
pension
people
per
Per
percentage
Perchlorate
Perfect
PERFECT
perform
Perform
performance
Performance
performed
performing
Performing
performs
period
periodic
Periodic
Periodically
periods
peripheral
Peripheral
Perm
permanent
Permanent
Permanently
permissible
Permissible
permission
Permission
person
Person
personal
Personal
personally
personnel
persons
Persons
perspective
perspectives
Perth
Peruwelz
PET
Petaling
Peterborough
Petersburg
PFA
PFP
Phaholyothin
pharmaceutical
phase
Phase
phases
Phi
Philippine
Philippines
philosophy
Philosophy
Phone
photo
photoelectric
Photoelectric
photographic
photographs
Photomicro
Photomicrosensor
photomicrosensors
Photomicrosensors
phrase
Physical
physically
pick
Pick
picking
Picking
pictures
PID
pieces
Pin
pins
Pinz
Pipe
Piso
Pittsford
pixels
place
Place
placed
placement
places
plane
planning
Planning
plant
planta
plants
plastic
Plastic
plastics
Plastics
plate
Plate
Plateau
plated
plates
platform
Platform
platforms
platinum
Platinum
play
Play
Player
Plaza
PLc
PLC
PLCopen
PLCOpen
PLCs
PLCS
PLd
ple
Ple
PLe
please
Please
pledges
PLeSafety
Plot
PLr
plug
Plug
plugs
Plunger
plus
Plus
Plymouth
Plze
PMV
PNET
PNP
PoE
POF
point
Point
pointer
Pointers
points
Points
Poland
polarity
pole
poles
Poles
Police
policy
Policy
PolicyEstablished
Polish
polling
Polling
Pollution
Polynesia
Pontevedra
Pool
popular
Popular
port
Port
portable
Portable
portal
Portal
portfolio
Porto
ports
Portugal
Portuguese
poses
position
Position
POSITION
positional
positioned
Positioner
Positioners
positioning
Positioning
positions
Positions
positive
Positive
possibilities
possibility
possible
Possible
post
postal
Postal
postgresql
PostgreSQL
Posting
POT
potential
Potential
potentially
Potentials
potentiometer
Potentiometer
Potosi
POU
POUs
Pouso
powder
power
Power
powered
powerful
Powerful
Powering
PPM
pps
PPS
practice
Praha
Prairie
Pravdy
pre
Pre
Precautions
precise
Precise
precisely
precision
Precision
predict
predictable
predicting
predictive
Predictive
Preeminent
preliminary
prepared
prescaling
prescribed
presence
Presence
present
presented
presents
preset
Preset
pressed
Presses
pressing
pressure
Pressure
pressures
Prestige
prestigious
prevent
Prevent
prevented
preventing
Preventing
prevention
Prevention
preventive
Preventive
prevents
Prevents
previous
Previous
previously
Pride
PRIEST
primary
Primary
PRIME
principle
principles
Principles
print
Print
printed
printing
prior
Prior
prioritized
priority
privacy
Privacy
PRIVATE
Pro
proactive
probability
problem
problems
Problems
procedure
Procedure
procedures
process
Process
processed
processes
Processes
processing
Processing
processor
processors
produce
Produce
producer
produces
producing
product
Product
production
Production
productions
productive
productivity
Productivity
PRODUCTIVITY
products
Products
produtivity
profile
Profile
profiles
profiling
profit
program
Program
PROGRAM
programing
Programless
programmable
Programmable
Programmer
programming
Programming
PROGRAMMING
programs
Programs
progress
prohibit
prohibited
Prohibited
project
Project
projected
projecting
projects
promise
Promise
promote
Promote
promotes
promoting
Promotion
proof
Proof
propelling
proper
properly
properties
property
Property
proportion
proportional
Pros
Prost
protcol
protect
Protect
protected
protecting
Protecting
protection
Protection
protections
protectionShiokoji
protective
Protective
Protector
protects
Protects
protocol
Protocol
protocols
prove
proven
Proven
provide
Provide
provided
Provided
provides
Provides
providing
Providing
Provision
proximity
Proximity
PSB
PSE
pseudo
PTE
PTF
PTM
PTP
PTR
PTS
PTW
Pty
PTY
public
publish
publishes
PuDong
Puebla
pull
Pull
pulled
pulse
Pulse
pulses
Pulses
pump
Pump
pumped
Pumps
Pune
PUR
purchase
Purchase
purchased
purchasing
pure
Pure
purified
purpose
Purpose
purposes
Purposes
pursue
pursued
pursuit
push
Push
pushbutton
Pushbutton
PWB
PYD
PYF
Qingdao
QLD
quad
quality
Quality
Quantifying
quantity
Quantity
quartz
Quartz
Quattro
QUBE
Queretaro
Question
questionnaires
questions
Questions
Quezon
quick
Quick
QUICK
quickly
Quoc
Quotation
rack
Rack
racks
racy
RadeonTM
Radiation
Radio
radius
rail
Rail
Rails
rainwater
raise
raises
Ramegnies
ramp
Random
range
Range
ranges
Ranges
ranging
Ranging
ranked
rapid
Rapid
Rapidly
RAS
Rasa
Raser
ratchet
Ratchet
rate
Rate
rated
Rated
rates
rating
Rating
ratings
ratio
Rauma
ray
Rayong
RBM
RCM
reach
Reach
reached
reaches
reactive
reactor
read
Read
reader
Reader
readers
Readers
readily
reading
Reading
ready
real
Real
REAL
realinzing
reality
realize
Realize
Realizes
realizing
Realizing
rear
Rear
reason
reasonable
Reasonable
recalculate
receive
received
receiver
Receiver
receivers
Receivers
receiving
recent
reception
Rechargeable
Recife
recipe
recognition
recognizable
recognize
recognized
recognizes
recommend
recommendation
recommended
Recommended
reconfigurable
record
Record
recorded
Recording
records
Records
recovered
Rectangular
red
Red
reduce
Reduce
reduced
Reduced
reducer
reduces
reducing
Reducing
reduction
Reduction
Reductions
redundancy
Redundancy
redundant
Redundant
refer
Refer
reference
Reference
references
referred
refers
Refers
refined
Refining
reflected
reflection
Reflection
reflections
reflective
Reflective
Reflector
Reflectors
Reflex
reflow
refre
refresh
refreshed
refreshing
regarding
Regarding
regardless
regeneration
regenerative
Reggio
Regina
region
Region
regions
register
Register
registered
Registered
registrable
registration
Registration
regularly
regulates
Regulation
regulations
Regulations
Regulator
Regulators
Regulatory
regyh
reject
Rejected
rejection
related
Related
relating
relation
relationship
relative
Relative
relatively
relay
Relay
RELAY
relays
Relays
RelaysComponent
release
Release
released
Released
relevant
reliability
Reliability
reliable
Reliable
reliably
Reliably
remain
Remainder
remains
Remarks
remote
Remote
remotely
Removable
removal
Removal
remove
removed
Removes
Removing
Reno
repair
Repair
repeat
repeatability
Repeatability
Repeater
repetitive
Replacable
replacement
Replacement
replacing
Replacing
reply
Reply
represent
representation
representational
representative
REPRESENTATIVE
reprinted
reprogramming
Republic
request
Request
requesting
requests
Requests
require
Require
required
Required
requirement
requirements
Requirements
requires
requiring
res
Research
resend
Reserved
reservoir
reset
resetting
Resetting
residence
Residence
resident
resin
Resin
resins
resist
resistance
Resistance
resistant
Resistant
RESISTANT
resister
resistibility
resistive
Resistive
resistives
resistor
Resistor
resists
Reso
resolution
Resolution
resources
respect
respected
respective
respond
Respond
response
Response
responsibility
responsible
Responsible
responsive
Rest
restart
restarted
restarting
RestartingWhen
restoration
restore
Restore
Restores
restricted
restricting
restriction
restrictions
Restrictions
result
resulting
Resulting
results
Results
Retain
retained
Retained
Retention
retool
Retrieving
retro
Retro
Retroreflective
return
reuse
Reuse
reused
reverse
Reverse
reversed
Reversed
reverses
reversible
Reversible
review
Review
reviewed
revise
revised
revisions
Revolutionize
Reynosa
RFID
RFIDs
Rheinland
rhely
RIA
Ricardo
rich
Richmond
Ricketts
Riga
right
rights
Rights
rigid
Rigid
rigidity
Rijn
Rijswijk
RINA
ring
Ring
Ringe
Rio
Rioja
ripple
Rise
risk
risks
rist
rivet
Rivi
rkiye
road
Road
ROAD
robot
Robot
ROBOT
Robotic
robotics
Robotics
robots
Robots
RobotsLD
RobotsTM
robust
Robust
ROBUST
robustness
Roces
Rock
rod
Rod
Roermond
Roeselare
RoHS
role
Roller
Roma
Romania
Romanian
ROMs
Ronse
Ronzani
room
Room
rooms
Rooms
Roosendaal
root
Rosa
Rosny
Rostov
Rostra
rotary
Rotary
rotate
rotated
Rotating
rotation
Rotation
rotational
rotations
rotator
rotor
Rotterdam
Rouen
round
Round
routable
Router
routine
routing
Routing
row
RPI
Rsa
rss
RSS
RTU
Rua
Rub
rubber
Rubber
Rudrapur
rue
rugged
Rugged
rules
run
Run
RUN
Rung
running
runs
Runtime
Rushden
Russia
Russian
Rutherford
Rwanda
rxqy
SAB
sabotage
SAD
Safari
safe
Safe
SAFEBOOL
SAFEBYTE
SAFEDINT
Safeguarding
SAFEINT
safer
Safer
safety
Safety
SAFETY
safetyrelated
SAFEWORD
Saidapet
Saint
SAINT
Sainte
sal
Sala
sales
Sales
Saltillo
Salvador
Samara
Sambre
same
Same
sample
sampled
samples
sampling
Sampling
Samplings
San
Sanitary
Santa
Sao
Sarawak
Sarnia
Saronno
Saskatoon
Sassuolo
Sat
Sate
satisfy
Satisfy
satisfying
Sattahip
Saudi
save
Save
saved
Saved
Savelovkiy
Savelovskaya
saves
Saves
Savine
saving
Saving
savings
Savings
scalable
Scalable
scale
scalePowerful
scaling
scanner
Scanner
scanners
Scanners
scanning
SCARA
Scarborough
SCC
SCEX
scheduled
Scheduled
scheme
Schiedam
Schoten
Schwanenstadt
science
scientific
SCM
Scope
SCPU
SCR
screen
screens
screw
Screw
screwless
Screwless
screws
Screws
script
scsaba
SCU
SDHC
SDN
SDO
SDPPI
SDRAM
seal
Seal
Sealed
sealing
Sealing
seals
Seamless
seamlessly
search
Search
Searchable
searching
Searching
Sec
SEC
second
secondary
Secondary
seconds
secrets
SECS
SECSGEM
section
Section
sectional
sections
sector
Sector
SecToTime
secure
Secure
secured
securely
security
Security
SecurityPolicy
see
See
Seed
seeing
segments
Selangor
Selbert
select
Select
SELECT
Selectable
selected
selecting
Selecting
selection
Selection
selections
Selections
selectively
Selector
selectors
self
Self
selling
Semarang
Semi
SEMI
semiconductor
Semiconductor
SEMICONDUCTOR
semiconductors
Semiconductors
seminar
Senapati
send
Send
sending
sends
Senegal
sense
sensing
Sensing
sensitive
Sensitive
sensitivity
Sensitivity
sensor
Sensor
sensors
Sensors
SensorsMachine
sent
Seobuk
Seocho
Seoul
Sep
separate
Separate
separated
separately
separator
Separator
separators
September
septic
sequence
Sequence
sequencers
sequences
sequential
Serbia
serial
Serial
series
Series
seriesNX
server
Server
servers
service
Service
services
Services
servicing
servo
Servo
Servomoters
Servomotor
servomotors
Servomotors
ServomotorServo
ServomotorsServo
Servomotre
sessions
set
Set
SET
sets
Sets
settable
setting
Setting
SETTING
settings
Settings
settling
setup
Setup
SEV
seven
Seven
several
Several
severe
severity
Sevilla
Sewa
sewage
sewers
SFC
SGE
SGWC
Sha
shading
shaft
Shahibaug
shall
shallow
Shanghai
SHANGHAI
shape
Shape
shaped
shapes
share
shared
Shared
sharing
she
sheath
sheathed
Sheathed
sheet
Sheet
Sheffield
Shenyang
Shenzhen
Shepparton
Sherbrooke
shield
Shield
shielded
Shielded
shielding
shields
shift
Shift
shifted
Shiga
Shimogyo
Shimoishii
Shinagawa
shing
Shing
Shinkan
Shinkansen
shiny
Shipbuilding
shipped
shipping
SHL
shock
Shock
shocks
Shocks
Shooting
short
Short
Shortcircuit
shortening
shortens
shorter
Shorter
shot
should
Should
show
Showa
Showing
shown
shows
SHT
shut
Shut
Shutdown
shutting
SID
side
Side
sided
Sieera
sIf
Sight
sign
Sign
signal
Signal
signals
Signals
SignAndEncrypt
significant
significantly
Significantly
signs
Signs
SIH
SIL
Silicon
Siliconecovered
SILVERWATER
Sim
Simlicity
simple
Simple
simpler
Simpler
simplest
simplicity
Simplicity
simplified
Simplified
simplifies
Simplifies
simplify
Simplify
simplifying
simply
Simply
simulated
Simulated
simulation
Simulation
simulations
Simulator
simultaneous
Simultaneous
simultaneously
since
Since
sine
Singapore
single
Single
Singleen
Sinic
SINIC
sink
Sinking
Sinks
Sint
SINT
sintered
sintering
sion
SISTEMA
site
Site
Sitemap
sites
Sites
situation
situations
six
Six
size
Size
sized
sizes
sizing
SJI
skilled
skills
skyl
Slagelse
slander
slave
Slave
slaves
Slaves
Sleeves
Slice
Slide
sliding
Sliedrecht
Slight
slim
Slim
slipping
Slits
SLMP
slot
Slot
Slough
Slovakia
Slovenia
slow
Slow
slowly
small
Small
smaller
smallest
Smallest
smart
Smart
Smartclick
SmartController
smartly
SMARTSTEP
SmartVision
smc
SMD
Smoke
smooth
Smoother
smoothly
Smoothly
SMT
snap
SNMP
Snooping
soak
SOC
social
society
societys
socket
Socket
sockets
Sockets
SOD
Soft
software
Software
SOFTWARE
SoftwareMonitoring
SOH
solar
sold
Sold
Solder
sole
solenoid
Solenoid
solenoids
solid
Solid
Solidstate
solution
Solution
solutions
Solutions
solve
Solve
solves
Solves
solving
some
Some
somebody
someone
somewhat
Sonar
sophisticated
Sopron
Soria
Sorted
sorting
sound
sounds
source
Source
sources
Sourcing
Sous
South
Southampton
Souty
space
Space
Spacer
spaces
Spain
Spanish
spare
spatter
Spatter
SPDT
special
Special
specialized
Specialized
Specially
specific
specifically
Specifically
specification
Specification
specifications
Specifications
specified
Specified
specify
Specifying
speed
Speed
speeds
Speeds
spelled
Spite
splash
Splashes
split
splitter
Splitter
spol
SPOL
sponge
Spool
spooling
sports
Spot
spring
Spring
SPST
SPU
spur
SPW
SPX
SPY
SPZ
SQL
square
Square
src
Sri
Sriracha
SRM
SRP
SRT
SSI
SSL
SSR
SSRs
stability
Stability
stabilizing
stable
Stable
stably
Stably
Stacked
Stadio
stage
stainless
Stainless
stamp
Stamp
stamps
stanbul
stand
Stand
standard
Standard
standardization
standardize
Standardized
standards
Standards
standby
Standby
stands
Standstill
Star
start
Start
START
started
Started
starting
Starting
starts
Starts
startup
Startup
startupprevention
startups
state
State
statement
Statement
statements
States
static
Static
station
Station
stationary
statistical
status
Status
Stavanger
STAVANGER
stay
STB
std
steady
steel
Steel
step
Step
stepper
stepping
Stepping
steps
STI
sticking
still
stipulated
stipulates
stipulations
STO
stop
Stop
stoppage
Stoppage
stoppages
stopped
stopping
Stopping
stops
Stops
storable
storage
Storage
store
stored
stores
STP
stra
straight
Straight
Strakonice
Strasse
Strategies
strategy
Strategy
streamlined
Streamlined
streamlining
street
Street
strength
Strength
strengthened
strengthening
Strengths
stress
stresses
strictly
string
STRING
strings
strive
strives
strong
Structural
Structurally
structure
Structure
structured
Structured
structures
Structures
Studio
StudioSYSMAC
styled
stylish
Suarlee
Sub
Subject
Submicron
Subminiature
submitted
submitting
Subroto
subroutine
subscript
Subscriptions
subsidiaries
Subsidiaries
Substances
Substrates
subtracted
succeeded
such
Such
Sudbury
sudden
suffer
sufficient
suffix
suggest
Suggest
suggestBox
suggested
suggestions
Suggestions
suggests
suit
suitability
suitable
Suitable
Suite
suited
Suites
Sul
sunlight
Suntech
Super
Superb
Supercompact
superior
Superior
supplied
supplies
Supplies
supply
Supply
supplying
support
Support
SUPPORT
supported
Supported
SupportEnvironment
supporting
supportive
supports
Supports
suppress
suppressed
suppression
Suppression
suppressor
sur
Surabaya
sure
surface
Surface
surge
Surge
surges
surprisingly
Surprisingly
surrounding
Surrounding
survey
surveys
suspend
suspension
Suspension
Sustained
Suwon
Svitavy
SWCC
Sweden
Swedish
sweeps
Swimming
swinging
Swiss
switch
Switch
SWITCH
SwitchD
Switche
switched
switches
Switches
SwitchesBasic
switching
Switching
SwitchNon
SwitchSlide
Switzerland
SWITZERLAND
SYDNEY
symbol
Symbol
symbols
sync
Sync
Synchro
synchronisation
synchronization
Synchronization
synchronize
synchronized
Synchronized
synchronizing
Synchronizing
synchronous
Synchronous
synchronously
syndication
Synergy
synonyms
SYSBUS
sysmac
Sysmac
SYSMAC
SYSMATE
SYSNET
system
System
SystemPCB
systems
Systems
SYSWAY
szber
Szeged
Szeksz
Szolnok
Szombathely
tab
table
Table
tables
tabpanel
tachometer
Tachometer
Tachometers
Taejung
tag
Tag
Tagalog
tags
Taichung
TAICHUNG
tailor
Tainan
Taipei
Taiwan
TAIWAN
Taiwanese
take
Take
taken
takes
Takes
Tallinn
Taman
Tampere
tank
Tank
Tanks
tape
Taps
Taranto
target
Target
targets
Targets
Tarn
Tarragona
task
Task
TASK
tasking
tasks
Tasks
Tatab
Tateishi
Tateisi
Tau
TBA
TBB
TBX
TCH
TCO
tcp
TCP
teach
teaching
team
teborg
tech
technical
Technical
TECHNICAL
techniques
technological
technologies
technologiques
technology
Technology
Technoparc
Technopark
Tecnol
Tejada
Tekirda
telecentric
Telecentric
telephone
Telephone
tell
temperature
Temperature
temperaturehumidity
TemperatureHumidity
temperatures
Temperatures
templates
temporarily
Temporarily
Temporary
Temse
tendency
tending
Tenerife
tens
tension
Teplice
terminal
Terminal
terminals
Terminals
terminating
Termination
terminology
terms
Terms
Ternat
Terni
territories
Territories
Territory
test
Test
TEV
Texas
text
Text
textA
Thai
Thailand
THAILAND
than
Than
thanks
Thanks
that
That
THB
the
The
THE
Theilgaards
their
Their
them
then
theory
Theory
there
There
Therefore
thermal
Thermal
thermistor
Thermistor
Thermistors
thermo
Thermo
Thermocou
thermocouple
Thermocouple
thermocouples
Thermocouples
thermoelectromotive
thermometer
Thermometer
thermometers
Thermometers
Thermosensor
Thermostat
ThermoTools
these
These
Theses
Theta
they
They
thick
Thick
Thickness
thicknesses
thin
Thin
things
Things
thinking
thinner
thinnest
third
Third
thirty
this
This
thorough
those
Those
though
thoughts
Thread
Threaded
threads
Threads
threat
three
Three
threshold
through
Through
throughout
Throughput
thrust
THS
Thu
Thumb
Thumbwheel
Thunder
Thursday
thus
Thus
THX
thyristor
thystes
tial
Tianjin
tier
tiered
tight
tightening
Tijuana
Tilburg
Tilleul
Tilted
time
Time
TIME
timeout
timer
Timer
timers
Timers
times
Times
Timi
timing
Timing
Timmins
tion
tions
tip
Tires
title
TODO
together
token
Tokyo
Toledo
Tolerance
Toll
Toluca
TON
tongue
Tongue
too
tool
Tool
Toolkit
tools
Tools
top
Top
TOP
Topics
topology
Topology
Toronto
torque
Torque
torques
Torre
Torreon
Torso
Torv
total
Total
Totalizer
Totalizing
totally
Totally
TOTALLY
touch
Touch
touches
touchscreen
tough
Tough
Towards
Tower
TOWER
town
Town
trace
traceability
Traceability
traces
tracing
track
Track
tracking
Tracking
trade
trademark
trademarks
traditional
traffic
Traffic
train
Train
trained
training
Training
Tram
Transducer
Transducers
transfer
Transfer
transferred
Transferred
transferring
transfers
transformer
Transformer
transformers
transistor
Transistor
Transition
transmission
Transmission
Transmissive
Transmit
transmits
Transmits
transmitted
Transmitters
transmitting
transparent
Transparent
transponders
transport
Transport
transportable
trapped
Trapped
trapping
travel
Travel
treatment
Treatment
triac
trigger
Trigger
triggered
Triggered
trim
Trim
trip
Trip
Triple
tripped
tripping
Trois
trouble
Trouble
troubles
troubleshoot
Troubleshooter
troubleshooting
Troubleshooting
true
TRUE
trust
trusted
Trusted
try
Try
Tsim
Tsui
Tubes
Tue
tuned
tuning
Tunisia
Tunuslu
Turkey
Turkish
Turku
turn
Turn
turned
Turnhout
turning
turns
Turns
turntable
Twelve
twin
Twin
twisted
Twisted
two
Two
type
Type
TYPE
types
Types
typical
Typical
typically
Typically
ubiquitous
UCC
UCMM
UDA
UDB
Udine
UDINT
UDP
Udyog
UHF
UHS
UINT
Ukraine
ULINT
Ulsan
Ultimate
ultra
Ultra
Ultracompact
Ultrasonic
Ultrathin
Ulvila
UMA
umperk
unable
unaffected
Unaffected
unauthorized
unavailable
unchanging
Uncover
under
Under
undercurrent
Undercurrent
undercurrents
underlying
understand
Understanding
understands
understood
undertakings
undervoltage
Undervoltage
undervoltages
Underwater
uneven
unexpected
Unidirection
uniform
unify
Unintended
uninterrupted
Uninterruptible
union
unions
Unions
unique
Unique
uniquely
unit
Unit
UNIT
United
units
Units
UnitsNX
universal
Universal
UNIX
Unlike
unlikely
unlock
unlocked
unlocks
unnecessary
Unnecessary
unrelated
unshakeable
unshielded
unstable
unstoppable
unsuitable
until
unusual
update
Update
UPDATE
updated
Updating
upload
upon
Upon
upper
upright
ups
UPS
uptime
Uptown
URL
USA
Usability
usable
Usable
usage
Usage
USB
use
Use
used
Used
useful
user
User
users
Users
uses
using
Using
USINT
utilities
utility
Utility
utilization
utilize
utilized
utilizing
utitlity
Utrecht
VAC
Vaci
Vadodara
Valencia
valid
validate
validation
validity
Valladolid
valuable
value
Value
values
Values
valve
Valve
Van
Vancouver
Vantaa
VAP
VAQ
var
Varese
variable
Variable
variables
Variables
variation
variations
Variations
varies
varieties
variety
Variety
various
Various
vary
Vary
Vasto
VDC
VDE
vector
vehicle
vehicles
Vehicles
vei
Velacherry
Velha
velocities
velocity
Velocity
vendor
Vendors
Venlo
ver
Ver
VER
verification
Verification
verified
verify
verifying
versatile
Versatile
versatility
version
Version
versions
Versions
vertical
Vertical
Verviers
very
Very
Veszpr
Veurne
VFOM
via
Via
Viale
vibrating
vibration
Vibration
Vibrations
Vicente
Vichte
vicinity
Victoria
video
Viet
Vietnam
Vietnamese
view
View
viewed
viewing
Vigevano
Vihar
Vila
Vilnius
violate
Viper
virtual
Virtual
virtualization
Virtualize
virtually
viruses
visibility
Visibility
visible
Visible
vision
Vision
VISION
visit
Visit
visitor
visitors
Visitors
Vista
visual
Visual
visualization
Visualization
visualize
visualized
Visualized
visualizes
Visualizes
visualizing
Viteazul
Vitoria
Vitrolles
Vizcaya
VOD
vokzal
volage
volatile
volcanic
voltage
Voltage
VoltageCurrent
VoltageCurrentPulse
voltages
volume
Vset
VSOC
wafer
Wafer
Wafers
wait
Waiting
Wakefield
walk
Walkerville
walking
Wall
Walsall
Wandre
Wang
want
ward
Ward
Waregem
warehouses
Warehouses
warning
Warning
Warragul
Warrington
Warszawa
Warwick
was
Washington
wasn
waste
Waste
wasted
wastewater
watch
Watchdog
water
Water
Wateringen
waterproof
Waterproof
Watertight
watertightness
Watertightness
watery
Wauthier
wave
Wave
WAVE
waveform
Waverley
waves
Wavre
way
Way
WAY
ways
Ways
WDT
wealth
Wealth
wear
wearing
web
Web
webpage
website
Website
websites
Websites
Wed
week
weekly
Weekly
Wegalaan
weighing
Weighing
weighingmeasurement
weight
Weight
weights
welcome
Welcome
welded
welding
Welding
welds
WelfareAttached
well
Wells
Welwyn
were
Were
Westend
Westfalen
Westville
Westway
Wet
what
What
wheels
when
When
whenever
where
Where
wherever
whether
Whether
which
Which
while
white
White
who
whole
wholesalers
whose
Why
wide
Wide
widely
widens
wider
width
Width
widths
Wijnegem
will
Wilrijk
winding
window
Window
Windows
Windsor
Wing
Winnipeg
wiping
wire
Wire
wired
wireless
Wireless
wirelessly
wires
WireShark
wiring
Wiring
wish
wishing
with
With
WITH
within
without
Without
withstand
Withstands
wizard
wizards
Wizards
WLA
WMS
Woburn
Wolfurt
Wollongong
won
Woo
word
WORD
words
Words
work
Work
workability
Workability
workers
workforce
working
workpiece
Workpiece
workpieces
Workpieces
workplace
Workplace
works
Works
world
World
worlds
Worlds
worldwide
Worldwide
worry
would
write
writing
Writing
written
Wroc
Wuhan
Wuxi
www
Wycombe
XBELTIO
Xeon
Xian
Xin
XITUN
XSYS
XSYSTEM
year
yearly
Yearly
years
Yekaterinburg
yellow
Yellow
Yellowknife
yen
Yes
yet
yield
Yin
Yong
you
You
Young
your
Your
YOUR
ystok
Yuan
Yui
Zaandam
ZAP
Zaragoza
Zdr
Zealand
Zellik
ZEN
Zentrum
zero
Zero
Zevenaar
ZFV
ZFX
Zhengzhou
Zhong
Zihciang
Zip
ZOC
Zoeterwoude
zone
Zone
zones
Zonhoven
Zozaya
Zutphen
ZUV
Zwolle
